{
  "status": "FAIL",
  "sourceUnchanged": true,
  "requests": [
    {
      "label": "/requirements",
      "method": "POST",
      "path": "/requirements",
      "status": 200
    },
    {
      "label": "/requirements/20348955-6062-4ee3-991f-7f18b0f91aa6/publish",
      "method": "POST",
      "path": "/requirements/20348955-6062-4ee3-991f-7f18b0f91aa6/publish",
      "status": 200
    },
    {
      "label": "/facility-requirements",
      "method": "POST",
      "path": "/facility-requirements",
      "status": 200
    },
    {
      "label": "/facility-requirements/db9619b1-b681-4199-a769-bd6fc8f7879d/publish",
      "method": "POST",
      "path": "/facility-requirements/db9619b1-b681-4199-a769-bd6fc8f7879d/publish",
      "status": 200
    },
    {
      "label": "/occurrences/manual",
      "method": "POST",
      "path": "/occurrences/manual",
      "status": 200
    },
    {
      "label": "/occurrences/772aeab2-5b78-405f-b4d6-0e76b33407e8/record",
      "method": "POST",
      "path": "/occurrences/772aeab2-5b78-405f-b4d6-0e76b33407e8/record",
      "status": 200
    },
    {
      "label": "/activity-history/exports",
      "method": "POST",
      "path": "/activity-history/exports",
      "status": 200
    },
    {
      "label": "/activity-history/exports/ba9923ce-9f0d-491b-b9da-d71e27a0613f/download",
      "method": "GET",
      "path": "/activity-history/exports/ba9923ce-9f0d-491b-b9da-d71e27a0613f/download",
      "status": 200
    }
  ]
}
Traceback (most recent call last):
  File "/Users/brianlewis/Circle of Life/Haven Canonical UUIDs/docs/facility-operations/col225-evidence/http-proof.py", line 31, in <module>
    text=api('/activity-history/exports/'+export['export_id']+'/download',method='GET');rows=list(csv.DictReader(io.StringIO(text)))
  File "/Users/brianlewis/Circle of Life/Haven Canonical UUIDs/docs/facility-operations/col225-evidence/http-proof.py", line 18, in api
    return json.loads(raw)
           ~~~~~~~~~~^^^^^
  File "/opt/homebrew/Cellar/python@3.14/3.14.4_1/Frameworks/Python.framework/Versions/3.14/lib/python3.14/json/__init__.py", line 352, in loads
    return _default_decoder.decode(s)
           ~~~~~~~~~~~~~~~~~~~~~~~^^^
  File "/opt/homebrew/Cellar/python@3.14/3.14.4_1/Frameworks/Python.framework/Versions/3.14/lib/python3.14/json/decoder.py", line 345, in decode
    obj, end = self.raw_decode(s, idx=_w(s, 0).end())
               ~~~~~~~~~~~~~~~^^^^^^^^^^^^^^^^^^^^^^^
  File "/opt/homebrew/Cellar/python@3.14/3.14.4_1/Frameworks/Python.framework/Versions/3.14/lib/python3.14/json/decoder.py", line 363, in raw_decode
    raise JSONDecodeError("Expecting value", s, err.value) from None
json.decoder.JSONDecodeError: Expecting value: line 1 column 1 (char 0)
