{
  "result": "PASS",
  "results": [
    {
      "route": "/admin/billing/invoices",
      "width": 375,
      "status": "PASS",
      "rEvents": 1,
      "buttonEvents": 1,
      "rScopedRefetch": {
        "observed": true,
        "status": 200,
        "rowCount": 0
      },
      "buttonScopedRefetch": {
        "observed": true,
        "status": 200,
        "rowCount": 0
      }
    },
    {
      "route": "/admin/billing/invoices",
      "width": 1440,
      "status": "PASS",
      "rEvents": 1,
      "buttonEvents": 1,
      "rScopedRefetch": {
        "observed": true,
        "status": 200,
        "rowCount": 0
      },
      "buttonScopedRefetch": {
        "observed": true,
        "status": 200,
        "rowCount": 0
      }
    },
    {
      "route": "/admin/billing",
      "width": 375,
      "status": "PASS",
      "rEvents": 1,
      "buttonEvents": 1,
      "rScopedRefetch": {
        "observed": true,
        "status": 200,
        "rowCount": 0
      },
      "buttonScopedRefetch": {
        "observed": true,
        "status": 200,
        "rowCount": 0
      }
    },
    {
      "route": "/admin/billing",
      "width": 1440,
      "status": "PASS",
      "rEvents": 1,
      "buttonEvents": 1,
      "rScopedRefetch": {
        "observed": true,
        "status": 200,
        "rowCount": 0
      },
      "buttonScopedRefetch": {
        "observed": true,
        "status": 200,
        "rowCount": 0
      }
    }
  ]
}
