BEGIN
CREATE FUNCTION
GRANT
GRANT
GRANT
GRANT
CREATE FUNCTION
SELECT 1
INSERT 0 4
INSERT 0 4
INSERT 0 4
INSERT 0 4
CREATE FUNCTION
 employee_actor
----------------

(1 row)

INSERT 0 2
INSERT 0 1
INSERT 0 1
INSERT 0 1
CREATE TABLE
GRANT
GRANT
CREATE FUNCTION
CREATE FUNCTION
SELECT 1
GRANT
INSERT 0 1
INSERT 0 1
SET
INSERT 0 1
                                                                                                                                                                                                                                                                                                                                                                                                                             publish_operation_requirement_review
----------------------------------------------------------------------------------------------------------------------------------------------------------------------------------------------------------------------------------------------------------------------------------------------------------------------------------------------------------------------------------------------------------------------------------------------------------------------------------------------------------------------------------------------------------------------------------------------------------------------------------------------------------------------------------------------------------------------------------------------------------------------------------------------------------------------------------------------------------------------------------------------
 {"id": "a275eb22-4f70-40fe-ba68-10687d81b745", "title": "Employee source context", "status": "published", "version": 1, "wording": "Review existing employee evidence", "procedure": null, "created_at": "2026-09-13T11:23:16.773356-04:00", "created_by": "41db605e-e112-4305-b386-fb4c72addedf", "updated_at": "2026-09-13T11:23:17.075761-04:00", "activity_id": "f40c9077-f0ab-4089-a5d9-ab5709964a64", "effective_to": null, "published_at": "2026-09-13T11:23:17.075705-04:00", "published_by": "41db605e-e112-4305-b386-fb4c72addedf", "subject_kind": "employee", "effective_from": "2026-09-13T10:23:17.072375-04:00", "organization_id": "00000000-0000-0000-0000-000000000001", "required_inputs": [], "review_required": false, "source_authority": {}, "required_evidence": [], "previous_version_id": null, "allowed_recorder_roles": ["owner"], "allowed_reviewer_roles": []}
(1 row)

INSERT 0 1
                                                                                                                                                                                                                                                                                                                                                                                                                                                                                                                         publish_operation_facility_requirement_review
-----------------------------------------------------------------------------------------------------------------------------------------------------------------------------------------------------------------------------------------------------------------------------------------------------------------------------------------------------------------------------------------------------------------------------------------------------------------------------------------------------------------------------------------------------------------------------------------------------------------------------------------------------------------------------------------------------------------------------------------------------------------------------------------------------------------------------------------------------------------------------------------------------------------------------------------------------------------------------------------------------------------------------------------------------------------------------------------------
 {"id": "3d93ff7a-71d9-4f1a-8f9c-b91e01ea5c3b", "status": "published", "version": 1, "created_at": "2026-09-13T11:23:16.773356-04:00", "created_by": "41db605e-e112-4305-b386-fb4c72addedf", "owner_role": null, "updated_at": "2026-09-13T11:23:17.120605-04:00", "activity_id": "f40c9077-f0ab-4089-a5d9-ab5709964a64", "approved_at": "2026-09-13T11:23:17.120504-04:00", "approved_by": "41db605e-e112-4305-b386-fb4c72addedf", "backup_role": null, "facility_id": "00000000-0000-0000-0002-000000000001", "effective_to": null, "applicability": "applicable", "owner_user_id": null, "schedule_rule": null, "backup_user_id": null, "effective_from": "2026-09-13T10:53:17.119309-04:00", "local_procedure": null, "organization_id": "00000000-0000-0000-0000-000000000001", "override_source": "central", "schedule_status": "needs_confirmation", "previous_version_id": null, "applicability_reason": null, "local_required_inputs": null, "requirement_version_id": "a275eb22-4f70-40fe-ba68-10687d81b745", "local_required_evidence": null, "local_allowed_recorder_roles": null}
(1 row)

INSERT 0 1
UPDATE 1
INSERT 0 1
                                                                                                                                                                                                                                                                                                                                                                                                                                                                                                          haven_employee_requirement_command
-------------------------------------------------------------------------------------------------------------------------------------------------------------------------------------------------------------------------------------------------------------------------------------------------------------------------------------------------------------------------------------------------------------------------------------------------------------------------------------------------------------------------------------------------------------------------------------------------------------------------------------------------------------------------------------------------------------------------------------------------------------------------------------------------------------------------------------------------------------------------------------------------------------------------------------------------------------------------------------------------------------------------------------------------------
 {"id": "5f5d0520-336f-41fb-b3c3-59a70979d98e", "code": "TRN-24", "duty": null, "title": "Synthetic CPR", "content": "Synthetic policy", "version": 1, "category": "training", "due_days": null, "created_at": "2026-09-13T11:23:16.773356-04:00", "created_by": "41db605e-e112-4305-b386-fb4c72addedf", "deleted_at": null, "updated_at": "2026-09-13T11:23:16.773356-04:00", "document_id": null, "facility_id": "00000000-0000-0000-0002-000000000001", "review_note": "Synthetic authorized rule", "reviewed_at": "2026-09-13T11:23:16.773356-04:00", "reviewed_by": "41db605e-e112-4305-b386-fb4c72addedf", "source_file": "synthetic", "source_page": 1, "review_status": "approved", "source_excerpt": "Synthetic approved wording", "organization_id": "00000000-0000-0000-0000-000000000001", "required_signers": [], "recurrence_months": null, "recurrence_status": "one_time", "applicability_note": null, "minimum_completions": 1, "training_program_id": null, "minimum_distinct_days": 1, "applies_to_staff_roles": ["resident_aide"]}
(1 row)

INSERT 0 1
                                                                                                                                                                                                                                                                                                                                                                               haven_employee_file_command
------------------------------------------------------------------------------------------------------------------------------------------------------------------------------------------------------------------------------------------------------------------------------------------------------------------------------------------------------------------------------------------------------------------------------------------------------------------------------------------------------------------------------------------------------------------------------------------------------------------------------------------------------------------------------------------------------------------------------------------------------------------------------------------
 {"id": "f77575f3-338e-46d1-8121-d68d12fcdf71", "notes": null, "status": "verified", "staff_id": "16425f33-a151-446f-9b58-729679a2caf4", "created_at": "2026-09-13T11:23:16.773356-04:00", "created_by": "41db605e-e112-4305-b386-fb4c72addedf", "deleted_at": null, "expires_on": "2026-09-13", "updated_at": "2026-09-13T11:23:16.773356-04:00", "facility_id": "00000000-0000-0000-0002-000000000001", "review_note": "Synthetic receipt reviewed", "reviewed_at": "2026-09-13T11:23:16.773356-04:00", "reviewed_by": "41db605e-e112-4305-b386-fb4c72addedf", "completed_on": "2026-09-13", "storage_path": null, "requirement_id": "5f5d0520-336f-41fb-b3c3-59a70979d98e", "organization_id": "00000000-0000-0000-0000-000000000001", "evidence_reference": "Synthetic signed paper"}
(1 row)

RESET
UPDATE 1
 employee_actor
----------------

(1 row)

SET
SELECT 1
GRANT
 es_assert
-----------

(1 row)

 es_assert
-----------

(1 row)

 es_assert
-----------

(1 row)

RESET
INSERT 0 1
 employee_actor
----------------

(1 row)

SET
 es_assert
-----------

(1 row)

 es_assert
-----------

(1 row)

RESET
UPDATE 1
 employee_actor
----------------

(1 row)

SET
INSERT 0 1
 es_assert
-----------

(1 row)

 es_assert
-----------

(1 row)

RESET
UPDATE 1
 employee_actor
----------------

(1 row)

SET
 es_assert
-----------

(1 row)

RESET
SELECT 1
GRANT
UPDATE 1
 employee_actor
----------------

(1 row)

SET
SELECT 1
GRANT
 es_assert
-----------

(1 row)

 es_assert
-----------

(1 row)

 es_assert
-----------

(1 row)

RESET
UPDATE 1
 employee_actor
----------------

(1 row)

SET
                                                                                                                                                                                                                                                                                                                                                                                                                                                                                                                                                                                                                                                                                                                                                                                                                                                                                                                                                                                                                                                                                                                                                                                                                                                                                                                                                                                                                       employee_operation_source_snapshot
---------------------------------------------------------------------------------------------------------------------------------------------------------------------------------------------------------------------------------------------------------------------------------------------------------------------------------------------------------------------------------------------------------------------------------------------------------------------------------------------------------------------------------------------------------------------------------------------------------------------------------------------------------------------------------------------------------------------------------------------------------------------------------------------------------------------------------------------------------------------------------------------------------------------------------------------------------------------------------------------------------------------------------------------------------------------------------------------------------------------------------------------------------------------------------------------------------------------------------------------------------------------------------------------------------------------------------------------------------------------------------------------------------------------------------------------------------------------------------------------------------------------------------------------------------------------------------------------------------------------------------------------------------------------------------------------------------------------------------------------------------------------------------------------------------------------------------------------------------------------------------------------------------------------------------------------------------------------------------------------------------------------------------------------------------------------------------------------------------------------------------------------------------------------------------------------------------------------------------------------------------------------------------------------------------------------------------------------------------------------------------------------------------------------------------------------------------------------------------------------------------------------------------------------------------------------------------------------------------------------------------------------------------------------------------------------------------------------------------------------------------------------------------------------------------------------------------------------------------------------------------
 {"as_of": "2026-09-13", "staff": {"id": "16425f33-a151-446f-9b58-729679a2caf4", "user_id": "02069b64-e7f1-42b6-8b48-c448a361cdae", "hire_date": "2026-06-05", "last_name": "", "first_name": "", "staff_role": "resident_aide", "facility_id": "00000000-0000-0000-0002-000000000001", "employment_status": "active"}, "reason": "Medical source values are unavailable without both current medical scopes.", "history": [{"id": "7bfca247-5ff9-49be-9e53-fecc72b8e329", "changed": true, "observed_at": "2026-09-13T11:23:17.400245-04:00", "source_version": "5fff412483f1a5a1e1f9f0bccac83aa7f08bfc388f15989a4b885ae151365bad"}, {"id": "f1fc00d4-0aa5-496a-a4c0-d283d4531a04", "changed": true, "observed_at": "2026-09-13T11:23:18.221636-04:00", "source_version": "c9053ba3804fe4c81f45342966eab94c5f45ad7130fce5e75b524edd9de8d837"}, {"id": "9546a575-c80c-4040-830e-98ab160b7591", "changed": true, "observed_at": "2026-09-13T11:23:18.6056-04:00", "source_version": "5fff412483f1a5a1e1f9f0bccac83aa7f08bfc388f15989a4b885ae151365bad"}, {"id": "390115f8-4db1-4f20-8bb3-f0b03b3fbb17", "changed": true, "observed_at": "2026-09-13T11:23:18.874246-04:00", "source_version": "5fff412483f1a5a1e1f9f0bccac83aa7f08bfc388f15989a4b885ae151365bad"}, {"id": "8b2617a3-72da-4f4f-8c00-e33f6840bcb3", "changed": true, "observed_at": "2026-09-13T11:23:19.46692-04:00", "source_version": "5fff412483f1a5a1e1f9f0bccac83aa7f08bfc388f15989a4b885ae151365bad"}], "records": [{"id": "f77575f3-338e-46d1-8121-d68d12fcdf71", "notes": null, "status": "verified", "staff_id": "16425f33-a151-446f-9b58-729679a2caf4", "created_at": "2026-09-13T11:23:16.773356-04:00", "expires_on": "2026-09-13", "review_note": null, "reviewed_by": "41db605e-e112-4305-b386-fb4c72addedf", "completed_on": "2026-09-13", "storage_path": null, "requirement_id": "5f5d0520-336f-41fb-b3c3-59a70979d98e", "evidence_reference": null}], "task_id": "b8e4960a-6223-4ade-bb4f-1cfe21f2ef59", "complete": true, "can_medical": false, "employee_id": "16425f33-a151-446f-9b58-729679a2caf4", "activity_key": "hfo-al-w06-01", "availability": "available", "requirements": [{"id": "5f5d0520-336f-41fb-b3c3-59a70979d98e", "code": "TRN-24", "duty": null, "title": "Synthetic CPR", "content": "", "version": 1, "category": "training", "due_days": null, "review_note": null, "source_file": "synthetic", "source_page": 1, "review_status": "approved", "source_excerpt": "", "required_signers": [], "recurrence_months": null, "recurrence_status": "one_time", "minimum_completions": 1, "minimum_distinct_days": 1, "applies_to_staff_roles": ["resident_aide"]}], "state_version": "117ed17567be5a753d7eb369454ca0f3028106cde3ce3ff7a60ec33c5822a1f8", "source_version": "5fff412483f1a5a1e1f9f0bccac83aa7f08bfc388f15989a4b885ae151365bad", "can_open_employee_file": true}
(1 row)

RESET
INSERT 0 1
 employee_actor
----------------

(1 row)

SET
 es_assert
-----------

(1 row)

                                                                                                                                                                                                  haven_employee_requirement_command
--------------------------------------------------------------------------------------------------------------------------------------------------------------------------------------------------------------------------------------------------------------------------------------------------------------------------------------------------------------------------------------------------------------------------------------
 {"id": "4ce8cf3f-af25-439e-9a98-381adb25393a", "user_id": "41db605e-e112-4305-b386-fb4c72addedf", "granted_at": "2026-09-13T11:23:16.773356-04:00", "granted_by": "41db605e-e112-4305-b386-fb4c72addedf", "revoked_at": null, "facility_id": "00000000-0000-0000-0002-000000000001", "grant_reason": "Synthetic independent medical reviewer", "organization_id": "00000000-0000-0000-0000-000000000001", "revocation_reason": null}
(1 row)

 es_assert
-----------

(1 row)

 es_assert
-----------

(1 row)

                                                                                                                                                                                                                                                                                                                                                                                                                                                                                                                                                                                                                                                                                                                                                                                                                                                                                                                                                                                                                                                                                                                                                                                                   employee_operation_source_snapshot
-----------------------------------------------------------------------------------------------------------------------------------------------------------------------------------------------------------------------------------------------------------------------------------------------------------------------------------------------------------------------------------------------------------------------------------------------------------------------------------------------------------------------------------------------------------------------------------------------------------------------------------------------------------------------------------------------------------------------------------------------------------------------------------------------------------------------------------------------------------------------------------------------------------------------------------------------------------------------------------------------------------------------------------------------------------------------------------------------------------------------------------------------------------------------------------------------------------------------------------------------------------------------------------------------------------------------------------------------------------------------------------------------------------------------------------------------------------------------------------------------------------------------------------------------------------------------------------------------------------------------------------------------------------------------------------------------------------------------------------------------------------------------------------------------------------------------------------------------------------------------------------------------------------------------------------------------------------------------------------------------------------------------------------------------------------------------------------------------------------------------------------------------------------------------------------------------------------------------------------------------------------------------------------------------------------------------------------------------------------------------------------------------------------------------------------------
 {"as_of": "2026-09-13", "staff": {"id": "16425f33-a151-446f-9b58-729679a2caf4", "user_id": "02069b64-e7f1-42b6-8b48-c448a361cdae", "hire_date": "2026-06-05", "last_name": "", "first_name": "", "staff_role": "resident_aide", "facility_id": "00000000-0000-0000-0002-000000000001", "employment_status": "active"}, "reason": null, "history": [{"id": "af426aa3-0a6a-41d9-819a-a8b257297829", "changed": true, "observed_at": "2026-09-13T11:23:20.271293-04:00", "source_version": "6d410b5fda3536b9baa0b96d4223b999d93f50564a52c545f4497e586469341f"}], "records": [{"id": "f77575f3-338e-46d1-8121-d68d12fcdf71", "notes": null, "status": "verified", "staff_id": "16425f33-a151-446f-9b58-729679a2caf4", "created_at": "2026-09-13T11:23:16.773356-04:00", "expires_on": "2026-09-13", "review_note": null, "reviewed_by": "41db605e-e112-4305-b386-fb4c72addedf", "completed_on": "2026-09-13", "storage_path": null, "requirement_id": "5f5d0520-336f-41fb-b3c3-59a70979d98e", "evidence_reference": null}], "task_id": "b8e4960a-6223-4ade-bb4f-1cfe21f2ef59", "complete": true, "can_medical": true, "employee_id": "16425f33-a151-446f-9b58-729679a2caf4", "activity_key": "hfo-al-w06-01", "availability": "available", "requirements": [{"id": "5f5d0520-336f-41fb-b3c3-59a70979d98e", "code": "TRN-24", "duty": null, "title": "Synthetic CPR", "content": "", "version": 1, "category": "training", "due_days": null, "review_note": null, "source_file": "synthetic", "source_page": 1, "review_status": "approved", "source_excerpt": "", "required_signers": [], "recurrence_months": null, "recurrence_status": "one_time", "minimum_completions": 1, "minimum_distinct_days": 1, "applies_to_staff_roles": ["resident_aide"]}, {"id": "79fb2e97-7c0b-4eff-a2eb-d3513dc418ab", "code": "TRN-26", "duty": null, "title": "PRIVATE TB", "content": "", "version": 1, "category": "training", "due_days": null, "review_note": null, "source_file": "private", "source_page": 1, "review_status": "draft", "source_excerpt": "", "required_signers": [], "recurrence_months": null, "recurrence_status": "unknown", "minimum_completions": 1, "minimum_distinct_days": 1, "applies_to_staff_roles": []}], "state_version": "9737494bc99e8b1bea7a43f4903bd2629057cdbbcbc2018f1320723ac1c7763a", "source_version": "6d410b5fda3536b9baa0b96d4223b999d93f50564a52c545f4497e586469341f", "can_open_employee_file": true}
(1 row)

                                                                                                                                                                                                                          haven_employee_requirement_command
--------------------------------------------------------------------------------------------------------------------------------------------------------------------------------------------------------------------------------------------------------------------------------------------------------------------------------------------------------------------------------------------------------------------------------------------------------------------------------------
 {"id": "4ce8cf3f-af25-439e-9a98-381adb25393a", "user_id": "41db605e-e112-4305-b386-fb4c72addedf", "granted_at": "2026-09-13T11:23:16.773356-04:00", "granted_by": "41db605e-e112-4305-b386-fb4c72addedf", "revoked_at": "2026-09-13T11:23:16.773356-04:00", "facility_id": "00000000-0000-0000-0002-000000000001", "grant_reason": "Synthetic independent medical reviewer", "organization_id": "00000000-0000-0000-0000-000000000001", "revocation_reason": "Synthetic revocation"}
(1 row)

 es_assert
-----------

(1 row)

 es_assert
-----------

(1 row)

 employee_expect
-----------------

(1 row)

 employee_expect
-----------------

(1 row)

RESET
UPDATE 1
 employee_actor
----------------

(1 row)

SET
 employee_expect
-----------------

(1 row)

ROLLBACK
