BEGIN
CREATE FUNCTION
INSERT 0 2
INSERT 0 1
INSERT 0 1
INSERT 0 1
INSERT 0 1
INSERT 0 1
INSERT 0 1
INSERT 0 1
INSERT 0 1
INSERT 0 1
INSERT 0 1
INSERT 0 1
INSERT 0 1
INSERT 0 1
INSERT 0 1
INSERT 0 1
INSERT 0 1
INSERT 0 1
INSERT 0 1
INSERT 0 1
INSERT 0 1
INSERT 0 1
                                                                                                                         set_config
------------------------------------------------------------------------------------------------------------------------------------------------------------------------------------------------------------------------------------------------------------
 {"iat": 1789317473, "sub": "2a5ed4b6-081d-4173-a029-47048f07b3fc", "role": "authenticated", "app_role": "owner", "session_id": "0a47b551-b04f-4cd0-8577-a8c0e990defc", "organization_id": "7eab6240-a9bf-47b1-b2f8-440561983a29", "auth_claim_version": 2}
(1 row)

GRANT
GRANT
SET
                                                                                                                                                                                                                                                                                                     to_jsonb
-------------------------------------------------------------------------------------------------------------------------------------------------------------------------------------------------------------------------------------------------------------------------------------------------------------------------------------------------------------------------------------------------------------------------------------------------------------------------------------------------------------------------------------------------------------------------------------------------------------------
 {"id": "a04060cb-0ea2-4264-a3f5-7b4b7d4a3d01", "category": "other", "direction": "deposit", "account_id": "9ba3246e-68d3-4d13-9262-23b56f140dbc", "created_at": "2026-09-13T12:37:52.71877-04:00", "created_by": "2a5ed4b6-081d-4173-a029-47048f07b3fc", "deleted_at": null, "description": "Synthetic native trust", "facility_id": "17ed11fc-0d56-413d-a77d-852af337712c", "occurred_at": "2026-08-04T00:00:00-04:00", "resident_id": "9aaee333-7121-4696-83f4-7909651050e3", "amount_cents": 500, "receipt_path": null, "organization_id": "7eab6240-a9bf-47b1-b2f8-440561983a29", "balance_after_cents": 500}
(1 row)

RESET
 balance_correct
-----------------
 t
(1 row)

ROLLBACK
